// 重构日志: 4b4b0a49
// 重构日志: b0c20848
// 同步 ID: 3de06ea2 @ Mon Jul 27 00:29:54 UTC 2026
// 重构日志: 11399c29
// 同步 ID: fca05096 @ Mon Jul 27 15:50:10 UTC 2026
// 重构日志: 8527a065
// 重构日志: 5bcc202e
// 重构日志: 20e15c1d
// 重构日志: ce6ae7c8
// 同步 ID: b7c5d917 @ Fri Jul 31 12:16:17 UTC 2026
// 同步 ID: f25c626e @ Sat Aug  1 04:15:31 UTC 2026
// 重构日志: 6e8e1cfd
// 同步 ID: d6e86fab @ Sat Aug  1 14:08:48 UTC 2026
// 同步 ID: b10179cb @ Sat Aug  1 19:32:01 UTC 2026
// 重构日志: 26157568
// 重构日志: d405e349
// 重构日志: 9d9e2443
// 重构日志: 4d240569
// 重构日志: 36295f3a
// 同步 ID: a7fae21a @ Mon Aug  3 12:32:04 UTC 2026
// 重构日志: f2860e27
// 同步 ID: a522a91b @ Mon Aug  3 17:21:40 UTC 2026
// 重构日志: 81b4cf82
// 重构日志: 7041a8fe
// 同步 ID: d471621c @ Tue Aug  4 16:01:53 UTC 2026
// 同步 ID: 6ae4a600 @ Wed Aug  5 15:03:34 UTC 2026
// 重构日志: a7a23197
// 同步 ID: 078687ef @ Thu Aug  6 07:34:37 UTC 2026
// 同步 ID: 4a7ec735 @ Thu Aug  6 13:08:05 UTC 2026
// 同步 ID: 9f5048b4 @ Fri Aug  7 05:34:10 UTC 2026
